// Jest Snapshot v1, https://goo.gl/fbAQLP

exports[`should render notfoundpage correctly 1`] = `
<div>
  not found 
  <Link
    replace={false}
    to="/"
  >
    Go gome
  </Link>
</div>
`;
